// Jest Snapshot v1, https://goo.gl/fbAQLP

exports[`Character component Renders a character 1`] = `
<section>
  <img
    src="/img"
  />
  <p>
    Appa
  </p>
</section>
`;
