// Jest Snapshot v1, https://goo.gl/fbAQLP

exports[`App component renders an App 1`] = `
<BrowserRouter>
  <Switch>
    <Route
      component={
        Object {
          "$$typeof": Symbol(react.memo),
          "WrappedComponent": [Function],
          "compare": null,
          "displayName": "Connect(AllCharacters)",
          "type": [Function],
        }
      }
      exact={true}
      path="/"
    />
    <Route
      component={
        Object {
          "$$typeof": Symbol(react.memo),
          "WrappedComponent": [Function],
          "compare": null,
          "displayName": "Connect(CharacterById)",
          "type": [Function],
        }
      }
      path="/:id"
    />
  </Switch>
</BrowserRouter>
`;

exports[`Character component Renders a character 1`] = `
<section>
  <Link
    to="/0001"
  >
    <img
      src="/img"
    />
    <p>
      Appa
    </p>
  </Link>
</section>
`;
